// Jest Snapshot v1, https://goo.gl/fbAQLP

exports[` 1`] = `
[MockFunction] {
  "calls": Array [
    Array [
      1,
      2,
    ],
    Array [
      "a",
      "b",
    ],
  ],
  "results": Array [
    Object {
      "type": "return",
      "value": undefined,
    },
    Object {
      "type": "return",
      "value": undefined,
    },
  ],
}
`;
